#
# Example of a Wasm Http Filter.
#
kind: Example
